[level]
tileset = lvl/forest.png
map = wwwwwwwwwwwwwwwwwwwwwwwwwwww
	  w..........................w
	  w..........................w
	  w..........................w
	  w..........................w
	  w..........................w
	  w..........................w
	  w..........................w
	  w..........................w
	  w..........................w
	  w..........................w
	  w..........................w
	  w..........................w
	  w..........................w
	  w..........................w
	  w..........................w
	  wwwwwwwwwwwwwwwwwwwwwwwwwwww

	  
[battle]
rate = 20,30
enemies = 	Slime,Slime,Slime,Beetle,Sapling,Beetle,Slime,Slime,Slime
			Slime,Beetle,Slime
			Slime,Mold,Sapling,Mold,Slime
			Slime,Sapling,Slime
			Mold,Mold
			Sapling,Beetle,Sapling

[.]
name = grass
tile = 0, 9

[w]
name = rock
tile = 0, 9
scenery = 19, 9
block = true

[f]
name = flower
tile = 0, 9
scenery = 18, 10
block = false

[1]
name = actor001
tile = 0,1
block = true
entity = actor001